0 verbose cli /home/mhickson/work/picketlink-plan/picketlink-bindings/picketlink-wildfly-common/wildfly-36-oidc-demo/demo-rp-war/target/node/node/node /home/mhickson/work/picketlink-plan/picketlink-bindings/picketlink-wildfly-common/wildfly-36-oidc-demo/demo-rp-war/target/node/node/node_modules/npm/bin/npm-cli.js
1 info using npm@10.9.2
2 info using node@v22.12.0
3 silly config load:file:/home/mhickson/work/picketlink-plan/picketlink-bindings/picketlink-wildfly-common/wildfly-36-oidc-demo/demo-rp-war/target/node/node/node_modules/npm/npmrc
4 silly config load:file:/home/mhickson/work/picketlink-plan/picketlink-bindings/picketlink-wildfly-common/wildfly-36-oidc-demo/rp-ui/.npmrc
5 silly config load:file:/home/mhickson/work/picketlink-plan/picketlink-bindings/picketlink-wildfly-common/wildfly-36-oidc-demo/rp-ui/wildfly-rp/.npmrc
6 silly config load:file:/home/mhickson/work/picketlink-plan/picketlink-bindings/picketlink-wildfly-common/wildfly-36-oidc-demo/demo-rp-war/target/node/etc/npmrc
7 verbose title npm install
8 verbose argv "install" "--no-fund" "--no-audit"
9 verbose logfile logs-max:10 dir:/home/mhickson/work/picketlink-plan/picketlink-bindings/picketlink-wildfly-common/wildfly-36-oidc-demo/rp-ui/wildfly-rp/.npm/_logs/2026-07-03T03_33_02_151Z-
10 verbose logfile /home/mhickson/work/picketlink-plan/picketlink-bindings/picketlink-wildfly-common/wildfly-36-oidc-demo/rp-ui/wildfly-rp/.npm/_logs/2026-07-03T03_33_02_151Z-debug-0.log
11 silly logfile start cleaning logs, removing 1 files
12 silly logfile done cleaning log files
13 silly packumentCache heap:4345298944 maxSize:1086324736 maxEntrySize:543162368
14 silly idealTree buildDeps
15 silly reify moves {}
16 verbose reify failed optional dependency /home/mhickson/work/picketlink-plan/picketlink-bindings/picketlink-wildfly-common/wildfly-36-oidc-demo/rp-ui/node_modules/fsevents
17 silly reify mark deleted [
17 silly reify   '/home/mhickson/work/picketlink-plan/picketlink-bindings/picketlink-wildfly-common/wildfly-36-oidc-demo/rp-ui/node_modules/fsevents'
17 silly reify ]
18 verbose reify failed optional dependency /home/mhickson/work/picketlink-plan/picketlink-bindings/picketlink-wildfly-common/wildfly-36-oidc-demo/rp-ui/node_modules/@rollup/rollup-win32-x64-msvc
19 silly reify mark deleted [
19 silly reify   '/home/mhickson/work/picketlink-plan/picketlink-bindings/picketlink-wildfly-common/wildfly-36-oidc-demo/rp-ui/node_modules/@rollup/rollup-win32-x64-msvc'
19 silly reify ]
20 verbose reify failed optional dependency /home/mhickson/work/picketlink-plan/picketlink-bindings/picketlink-wildfly-common/wildfly-36-oidc-demo/rp-ui/node_modules/@rollup/rollup-win32-x64-gnu
21 silly reify mark deleted [
21 silly reify   '/home/mhickson/work/picketlink-plan/picketlink-bindings/picketlink-wildfly-common/wildfly-36-oidc-demo/rp-ui/node_modules/@rollup/rollup-win32-x64-gnu'
21 silly reify ]
22 verbose reify failed optional dependency /home/mhickson/work/picketlink-plan/picketlink-bindings/picketlink-wildfly-common/wildfly-36-oidc-demo/rp-ui/node_modules/@rollup/rollup-win32-ia32-msvc
23 silly reify mark deleted [
23 silly reify   '/home/mhickson/work/picketlink-plan/picketlink-bindings/picketlink-wildfly-common/wildfly-36-oidc-demo/rp-ui/node_modules/@rollup/rollup-win32-ia32-msvc'
23 silly reify ]
24 verbose reify failed optional dependency /home/mhickson/work/picketlink-plan/picketlink-bindings/picketlink-wildfly-common/wildfly-36-oidc-demo/rp-ui/node_modules/@rollup/rollup-win32-arm64-msvc
25 silly reify mark deleted [
25 silly reify   '/home/mhickson/work/picketlink-plan/picketlink-bindings/picketlink-wildfly-common/wildfly-36-oidc-demo/rp-ui/node_modules/@rollup/rollup-win32-arm64-msvc'
25 silly reify ]
26 verbose reify failed optional dependency /home/mhickson/work/picketlink-plan/picketlink-bindings/picketlink-wildfly-common/wildfly-36-oidc-demo/rp-ui/node_modules/@rollup/rollup-openharmony-arm64
27 silly reify mark deleted [
27 silly reify   '/home/mhickson/work/picketlink-plan/picketlink-bindings/picketlink-wildfly-common/wildfly-36-oidc-demo/rp-ui/node_modules/@rollup/rollup-openharmony-arm64'
27 silly reify ]
28 verbose reify failed optional dependency /home/mhickson/work/picketlink-plan/picketlink-bindings/picketlink-wildfly-common/wildfly-36-oidc-demo/rp-ui/node_modules/@rollup/rollup-openbsd-x64
29 silly reify mark deleted [
29 silly reify   '/home/mhickson/work/picketlink-plan/picketlink-bindings/picketlink-wildfly-common/wildfly-36-oidc-demo/rp-ui/node_modules/@rollup/rollup-openbsd-x64'
29 silly reify ]
30 verbose reify failed optional dependency /home/mhickson/work/picketlink-plan/picketlink-bindings/picketlink-wildfly-common/wildfly-36-oidc-demo/rp-ui/node_modules/@rollup/rollup-linux-s390x-gnu
31 silly reify mark deleted [
31 silly reify   '/home/mhickson/work/picketlink-plan/picketlink-bindings/picketlink-wildfly-common/wildfly-36-oidc-demo/rp-ui/node_modules/@rollup/rollup-linux-s390x-gnu'
31 silly reify ]
32 verbose reify failed optional dependency /home/mhickson/work/picketlink-plan/picketlink-bindings/picketlink-wildfly-common/wildfly-36-oidc-demo/rp-ui/node_modules/@rollup/rollup-linux-riscv64-musl
33 silly reify mark deleted [
33 silly reify   '/home/mhickson/work/picketlink-plan/picketlink-bindings/picketlink-wildfly-common/wildfly-36-oidc-demo/rp-ui/node_modules/@rollup/rollup-linux-riscv64-musl'
33 silly reify ]
34 verbose reify failed optional dependency /home/mhickson/work/picketlink-plan/picketlink-bindings/picketlink-wildfly-common/wildfly-36-oidc-demo/rp-ui/node_modules/@rollup/rollup-linux-riscv64-gnu
35 silly reify mark deleted [
35 silly reify   '/home/mhickson/work/picketlink-plan/picketlink-bindings/picketlink-wildfly-common/wildfly-36-oidc-demo/rp-ui/node_modules/@rollup/rollup-linux-riscv64-gnu'
35 silly reify ]
36 verbose reify failed optional dependency /home/mhickson/work/picketlink-plan/picketlink-bindings/picketlink-wildfly-common/wildfly-36-oidc-demo/rp-ui/node_modules/@rollup/rollup-linux-ppc64-musl
37 silly reify mark deleted [
37 silly reify   '/home/mhickson/work/picketlink-plan/picketlink-bindings/picketlink-wildfly-common/wildfly-36-oidc-demo/rp-ui/node_modules/@rollup/rollup-linux-ppc64-musl'
37 silly reify ]
38 verbose reify failed optional dependency /home/mhickson/work/picketlink-plan/picketlink-bindings/picketlink-wildfly-common/wildfly-36-oidc-demo/rp-ui/node_modules/@rollup/rollup-linux-ppc64-gnu
39 silly reify mark deleted [
39 silly reify   '/home/mhickson/work/picketlink-plan/picketlink-bindings/picketlink-wildfly-common/wildfly-36-oidc-demo/rp-ui/node_modules/@rollup/rollup-linux-ppc64-gnu'
39 silly reify ]
40 verbose reify failed optional dependency /home/mhickson/work/picketlink-plan/picketlink-bindings/picketlink-wildfly-common/wildfly-36-oidc-demo/rp-ui/node_modules/@rollup/rollup-linux-loong64-musl
41 silly reify mark deleted [
41 silly reify   '/home/mhickson/work/picketlink-plan/picketlink-bindings/picketlink-wildfly-common/wildfly-36-oidc-demo/rp-ui/node_modules/@rollup/rollup-linux-loong64-musl'
41 silly reify ]
42 verbose reify failed optional dependency /home/mhickson/work/picketlink-plan/picketlink-bindings/picketlink-wildfly-common/wildfly-36-oidc-demo/rp-ui/node_modules/@rollup/rollup-linux-loong64-gnu
43 silly reify mark deleted [
43 silly reify   '/home/mhickson/work/picketlink-plan/picketlink-bindings/picketlink-wildfly-common/wildfly-36-oidc-demo/rp-ui/node_modules/@rollup/rollup-linux-loong64-gnu'
43 silly reify ]
44 verbose reify failed optional dependency /home/mhickson/work/picketlink-plan/picketlink-bindings/picketlink-wildfly-common/wildfly-36-oidc-demo/rp-ui/node_modules/@rollup/rollup-linux-arm64-musl
45 silly reify mark deleted [
45 silly reify   '/home/mhickson/work/picketlink-plan/picketlink-bindings/picketlink-wildfly-common/wildfly-36-oidc-demo/rp-ui/node_modules/@rollup/rollup-linux-arm64-musl'
45 silly reify ]
46 verbose reify failed optional dependency /home/mhickson/work/picketlink-plan/picketlink-bindings/picketlink-wildfly-common/wildfly-36-oidc-demo/rp-ui/node_modules/@rollup/rollup-linux-arm64-gnu
47 silly reify mark deleted [
47 silly reify   '/home/mhickson/work/picketlink-plan/picketlink-bindings/picketlink-wildfly-common/wildfly-36-oidc-demo/rp-ui/node_modules/@rollup/rollup-linux-arm64-gnu'
47 silly reify ]
48 verbose reify failed optional dependency /home/mhickson/work/picketlink-plan/picketlink-bindings/picketlink-wildfly-common/wildfly-36-oidc-demo/rp-ui/node_modules/@rollup/rollup-linux-arm-musleabihf
49 silly reify mark deleted [
49 silly reify   '/home/mhickson/work/picketlink-plan/picketlink-bindings/picketlink-wildfly-common/wildfly-36-oidc-demo/rp-ui/node_modules/@rollup/rollup-linux-arm-musleabihf'
49 silly reify ]
50 verbose reify failed optional dependency /home/mhickson/work/picketlink-plan/picketlink-bindings/picketlink-wildfly-common/wildfly-36-oidc-demo/rp-ui/node_modules/@rollup/rollup-linux-arm-gnueabihf
51 silly reify mark deleted [
51 silly reify   '/home/mhickson/work/picketlink-plan/picketlink-bindings/picketlink-wildfly-common/wildfly-36-oidc-demo/rp-ui/node_modules/@rollup/rollup-linux-arm-gnueabihf'
51 silly reify ]
52 verbose reify failed optional dependency /home/mhickson/work/picketlink-plan/picketlink-bindings/picketlink-wildfly-common/wildfly-36-oidc-demo/rp-ui/node_modules/@rollup/rollup-freebsd-x64
53 silly reify mark deleted [
53 silly reify   '/home/mhickson/work/picketlink-plan/picketlink-bindings/picketlink-wildfly-common/wildfly-36-oidc-demo/rp-ui/node_modules/@rollup/rollup-freebsd-x64'
53 silly reify ]
54 verbose reify failed optional dependency /home/mhickson/work/picketlink-plan/picketlink-bindings/picketlink-wildfly-common/wildfly-36-oidc-demo/rp-ui/node_modules/@rollup/rollup-freebsd-arm64
55 silly reify mark deleted [
55 silly reify   '/home/mhickson/work/picketlink-plan/picketlink-bindings/picketlink-wildfly-common/wildfly-36-oidc-demo/rp-ui/node_modules/@rollup/rollup-freebsd-arm64'
55 silly reify ]
56 verbose reify failed optional dependency /home/mhickson/work/picketlink-plan/picketlink-bindings/picketlink-wildfly-common/wildfly-36-oidc-demo/rp-ui/node_modules/@rollup/rollup-darwin-x64
57 silly reify mark deleted [
57 silly reify   '/home/mhickson/work/picketlink-plan/picketlink-bindings/picketlink-wildfly-common/wildfly-36-oidc-demo/rp-ui/node_modules/@rollup/rollup-darwin-x64'
57 silly reify ]
58 verbose reify failed optional dependency /home/mhickson/work/picketlink-plan/picketlink-bindings/picketlink-wildfly-common/wildfly-36-oidc-demo/rp-ui/node_modules/@rollup/rollup-darwin-arm64
59 silly reify mark deleted [
59 silly reify   '/home/mhickson/work/picketlink-plan/picketlink-bindings/picketlink-wildfly-common/wildfly-36-oidc-demo/rp-ui/node_modules/@rollup/rollup-darwin-arm64'
59 silly reify ]
60 verbose reify failed optional dependency /home/mhickson/work/picketlink-plan/picketlink-bindings/picketlink-wildfly-common/wildfly-36-oidc-demo/rp-ui/node_modules/@rollup/rollup-android-arm64
61 silly reify mark deleted [
61 silly reify   '/home/mhickson/work/picketlink-plan/picketlink-bindings/picketlink-wildfly-common/wildfly-36-oidc-demo/rp-ui/node_modules/@rollup/rollup-android-arm64'
61 silly reify ]
62 verbose reify failed optional dependency /home/mhickson/work/picketlink-plan/picketlink-bindings/picketlink-wildfly-common/wildfly-36-oidc-demo/rp-ui/node_modules/@rollup/rollup-android-arm-eabi
63 silly reify mark deleted [
63 silly reify   '/home/mhickson/work/picketlink-plan/picketlink-bindings/picketlink-wildfly-common/wildfly-36-oidc-demo/rp-ui/node_modules/@rollup/rollup-android-arm-eabi'
63 silly reify ]
64 verbose reify failed optional dependency /home/mhickson/work/picketlink-plan/picketlink-bindings/picketlink-wildfly-common/wildfly-36-oidc-demo/rp-ui/node_modules/@parcel/watcher-win32-x64
65 silly reify mark deleted [
65 silly reify   '/home/mhickson/work/picketlink-plan/picketlink-bindings/picketlink-wildfly-common/wildfly-36-oidc-demo/rp-ui/node_modules/@parcel/watcher-win32-x64'
65 silly reify ]
66 verbose reify failed optional dependency /home/mhickson/work/picketlink-plan/picketlink-bindings/picketlink-wildfly-common/wildfly-36-oidc-demo/rp-ui/node_modules/@parcel/watcher-win32-ia32
67 silly reify mark deleted [
67 silly reify   '/home/mhickson/work/picketlink-plan/picketlink-bindings/picketlink-wildfly-common/wildfly-36-oidc-demo/rp-ui/node_modules/@parcel/watcher-win32-ia32'
67 silly reify ]
68 verbose reify failed optional dependency /home/mhickson/work/picketlink-plan/picketlink-bindings/picketlink-wildfly-common/wildfly-36-oidc-demo/rp-ui/node_modules/@parcel/watcher-win32-arm64
69 silly reify mark deleted [
69 silly reify   '/home/mhickson/work/picketlink-plan/picketlink-bindings/picketlink-wildfly-common/wildfly-36-oidc-demo/rp-ui/node_modules/@parcel/watcher-win32-arm64'
69 silly reify ]
70 verbose reify failed optional dependency /home/mhickson/work/picketlink-plan/picketlink-bindings/picketlink-wildfly-common/wildfly-36-oidc-demo/rp-ui/node_modules/@parcel/watcher-linux-arm64-musl
71 silly reify mark deleted [
71 silly reify   '/home/mhickson/work/picketlink-plan/picketlink-bindings/picketlink-wildfly-common/wildfly-36-oidc-demo/rp-ui/node_modules/@parcel/watcher-linux-arm64-musl'
71 silly reify ]
72 verbose reify failed optional dependency /home/mhickson/work/picketlink-plan/picketlink-bindings/picketlink-wildfly-common/wildfly-36-oidc-demo/rp-ui/node_modules/@parcel/watcher-linux-arm64-glibc
73 silly reify mark deleted [
73 silly reify   '/home/mhickson/work/picketlink-plan/picketlink-bindings/picketlink-wildfly-common/wildfly-36-oidc-demo/rp-ui/node_modules/@parcel/watcher-linux-arm64-glibc'
73 silly reify ]
74 verbose reify failed optional dependency /home/mhickson/work/picketlink-plan/picketlink-bindings/picketlink-wildfly-common/wildfly-36-oidc-demo/rp-ui/node_modules/@parcel/watcher-linux-arm-musl
75 silly reify mark deleted [
75 silly reify   '/home/mhickson/work/picketlink-plan/picketlink-bindings/picketlink-wildfly-common/wildfly-36-oidc-demo/rp-ui/node_modules/@parcel/watcher-linux-arm-musl'
75 silly reify ]
76 verbose reify failed optional dependency /home/mhickson/work/picketlink-plan/picketlink-bindings/picketlink-wildfly-common/wildfly-36-oidc-demo/rp-ui/node_modules/@parcel/watcher-linux-arm-glibc
77 silly reify mark deleted [
77 silly reify   '/home/mhickson/work/picketlink-plan/picketlink-bindings/picketlink-wildfly-common/wildfly-36-oidc-demo/rp-ui/node_modules/@parcel/watcher-linux-arm-glibc'
77 silly reify ]
78 verbose reify failed optional dependency /home/mhickson/work/picketlink-plan/picketlink-bindings/picketlink-wildfly-common/wildfly-36-oidc-demo/rp-ui/node_modules/@parcel/watcher-freebsd-x64
79 silly reify mark deleted [
79 silly reify   '/home/mhickson/work/picketlink-plan/picketlink-bindings/picketlink-wildfly-common/wildfly-36-oidc-demo/rp-ui/node_modules/@parcel/watcher-freebsd-x64'
79 silly reify ]
80 verbose reify failed optional dependency /home/mhickson/work/picketlink-plan/picketlink-bindings/picketlink-wildfly-common/wildfly-36-oidc-demo/rp-ui/node_modules/@parcel/watcher-darwin-x64
81 silly reify mark deleted [
81 silly reify   '/home/mhickson/work/picketlink-plan/picketlink-bindings/picketlink-wildfly-common/wildfly-36-oidc-demo/rp-ui/node_modules/@parcel/watcher-darwin-x64'
81 silly reify ]
82 verbose reify failed optional dependency /home/mhickson/work/picketlink-plan/picketlink-bindings/picketlink-wildfly-common/wildfly-36-oidc-demo/rp-ui/node_modules/@parcel/watcher-darwin-arm64
83 silly reify mark deleted [
83 silly reify   '/home/mhickson/work/picketlink-plan/picketlink-bindings/picketlink-wildfly-common/wildfly-36-oidc-demo/rp-ui/node_modules/@parcel/watcher-darwin-arm64'
83 silly reify ]
84 verbose reify failed optional dependency /home/mhickson/work/picketlink-plan/picketlink-bindings/picketlink-wildfly-common/wildfly-36-oidc-demo/rp-ui/node_modules/@parcel/watcher-android-arm64
85 silly reify mark deleted [
85 silly reify   '/home/mhickson/work/picketlink-plan/picketlink-bindings/picketlink-wildfly-common/wildfly-36-oidc-demo/rp-ui/node_modules/@parcel/watcher-android-arm64'
85 silly reify ]
86 verbose reify failed optional dependency /home/mhickson/work/picketlink-plan/picketlink-bindings/picketlink-wildfly-common/wildfly-36-oidc-demo/rp-ui/node_modules/@napi-rs/nice-win32-x64-msvc
87 silly reify mark deleted [
87 silly reify   '/home/mhickson/work/picketlink-plan/picketlink-bindings/picketlink-wildfly-common/wildfly-36-oidc-demo/rp-ui/node_modules/@napi-rs/nice-win32-x64-msvc'
87 silly reify ]
88 verbose reify failed optional dependency /home/mhickson/work/picketlink-plan/picketlink-bindings/picketlink-wildfly-common/wildfly-36-oidc-demo/rp-ui/node_modules/@napi-rs/nice-win32-ia32-msvc
89 silly reify mark deleted [
89 silly reify   '/home/mhickson/work/picketlink-plan/picketlink-bindings/picketlink-wildfly-common/wildfly-36-oidc-demo/rp-ui/node_modules/@napi-rs/nice-win32-ia32-msvc'
89 silly reify ]
90 verbose reify failed optional dependency /home/mhickson/work/picketlink-plan/picketlink-bindings/picketlink-wildfly-common/wildfly-36-oidc-demo/rp-ui/node_modules/@napi-rs/nice-win32-arm64-msvc
91 silly reify mark deleted [
91 silly reify   '/home/mhickson/work/picketlink-plan/picketlink-bindings/picketlink-wildfly-common/wildfly-36-oidc-demo/rp-ui/node_modules/@napi-rs/nice-win32-arm64-msvc'
91 silly reify ]
92 verbose reify failed optional dependency /home/mhickson/work/picketlink-plan/picketlink-bindings/picketlink-wildfly-common/wildfly-36-oidc-demo/rp-ui/node_modules/@napi-rs/nice-openharmony-arm64
93 silly reify mark deleted [
93 silly reify   '/home/mhickson/work/picketlink-plan/picketlink-bindings/picketlink-wildfly-common/wildfly-36-oidc-demo/rp-ui/node_modules/@napi-rs/nice-openharmony-arm64'
93 silly reify ]
94 verbose reify failed optional dependency /home/mhickson/work/picketlink-plan/picketlink-bindings/picketlink-wildfly-common/wildfly-36-oidc-demo/rp-ui/node_modules/@napi-rs/nice-linux-s390x-gnu
95 silly reify mark deleted [
95 silly reify   '/home/mhickson/work/picketlink-plan/picketlink-bindings/picketlink-wildfly-common/wildfly-36-oidc-demo/rp-ui/node_modules/@napi-rs/nice-linux-s390x-gnu'
95 silly reify ]
96 verbose reify failed optional dependency /home/mhickson/work/picketlink-plan/picketlink-bindings/picketlink-wildfly-common/wildfly-36-oidc-demo/rp-ui/node_modules/@napi-rs/nice-linux-riscv64-gnu
97 silly reify mark deleted [
97 silly reify   '/home/mhickson/work/picketlink-plan/picketlink-bindings/picketlink-wildfly-common/wildfly-36-oidc-demo/rp-ui/node_modules/@napi-rs/nice-linux-riscv64-gnu'
97 silly reify ]
98 verbose reify failed optional dependency /home/mhickson/work/picketlink-plan/picketlink-bindings/picketlink-wildfly-common/wildfly-36-oidc-demo/rp-ui/node_modules/@napi-rs/nice-linux-ppc64-gnu
99 silly reify mark deleted [
99 silly reify   '/home/mhickson/work/picketlink-plan/picketlink-bindings/picketlink-wildfly-common/wildfly-36-oidc-demo/rp-ui/node_modules/@napi-rs/nice-linux-ppc64-gnu'
99 silly reify ]
100 verbose reify failed optional dependency /home/mhickson/work/picketlink-plan/picketlink-bindings/picketlink-wildfly-common/wildfly-36-oidc-demo/rp-ui/node_modules/@napi-rs/nice-linux-arm64-musl
101 silly reify mark deleted [
101 silly reify   '/home/mhickson/work/picketlink-plan/picketlink-bindings/picketlink-wildfly-common/wildfly-36-oidc-demo/rp-ui/node_modules/@napi-rs/nice-linux-arm64-musl'
101 silly reify ]
102 verbose reify failed optional dependency /home/mhickson/work/picketlink-plan/picketlink-bindings/picketlink-wildfly-common/wildfly-36-oidc-demo/rp-ui/node_modules/@napi-rs/nice-linux-arm64-gnu
103 silly reify mark deleted [
103 silly reify   '/home/mhickson/work/picketlink-plan/picketlink-bindings/picketlink-wildfly-common/wildfly-36-oidc-demo/rp-ui/node_modules/@napi-rs/nice-linux-arm64-gnu'
103 silly reify ]
104 verbose reify failed optional dependency /home/mhickson/work/picketlink-plan/picketlink-bindings/picketlink-wildfly-common/wildfly-36-oidc-demo/rp-ui/node_modules/@napi-rs/nice-linux-arm-gnueabihf
105 silly reify mark deleted [
105 silly reify   '/home/mhickson/work/picketlink-plan/picketlink-bindings/picketlink-wildfly-common/wildfly-36-oidc-demo/rp-ui/node_modules/@napi-rs/nice-linux-arm-gnueabihf'
105 silly reify ]
106 verbose reify failed optional dependency /home/mhickson/work/picketlink-plan/picketlink-bindings/picketlink-wildfly-common/wildfly-36-oidc-demo/rp-ui/node_modules/@napi-rs/nice-freebsd-x64
107 silly reify mark deleted [
107 silly reify   '/home/mhickson/work/picketlink-plan/picketlink-bindings/picketlink-wildfly-common/wildfly-36-oidc-demo/rp-ui/node_modules/@napi-rs/nice-freebsd-x64'
107 silly reify ]
108 verbose reify failed optional dependency /home/mhickson/work/picketlink-plan/picketlink-bindings/picketlink-wildfly-common/wildfly-36-oidc-demo/rp-ui/node_modules/@napi-rs/nice-darwin-x64
109 silly reify mark deleted [
109 silly reify   '/home/mhickson/work/picketlink-plan/picketlink-bindings/picketlink-wildfly-common/wildfly-36-oidc-demo/rp-ui/node_modules/@napi-rs/nice-darwin-x64'
109 silly reify ]
110 verbose reify failed optional dependency /home/mhickson/work/picketlink-plan/picketlink-bindings/picketlink-wildfly-common/wildfly-36-oidc-demo/rp-ui/node_modules/@napi-rs/nice-darwin-arm64
111 silly reify mark deleted [
111 silly reify   '/home/mhickson/work/picketlink-plan/picketlink-bindings/picketlink-wildfly-common/wildfly-36-oidc-demo/rp-ui/node_modules/@napi-rs/nice-darwin-arm64'
111 silly reify ]
112 verbose reify failed optional dependency /home/mhickson/work/picketlink-plan/picketlink-bindings/picketlink-wildfly-common/wildfly-36-oidc-demo/rp-ui/node_modules/@napi-rs/nice-android-arm64
113 silly reify mark deleted [
113 silly reify   '/home/mhickson/work/picketlink-plan/picketlink-bindings/picketlink-wildfly-common/wildfly-36-oidc-demo/rp-ui/node_modules/@napi-rs/nice-android-arm64'
113 silly reify ]
114 verbose reify failed optional dependency /home/mhickson/work/picketlink-plan/picketlink-bindings/picketlink-wildfly-common/wildfly-36-oidc-demo/rp-ui/node_modules/@napi-rs/nice-android-arm-eabi
115 silly reify mark deleted [
115 silly reify   '/home/mhickson/work/picketlink-plan/picketlink-bindings/picketlink-wildfly-common/wildfly-36-oidc-demo/rp-ui/node_modules/@napi-rs/nice-android-arm-eabi'
115 silly reify ]
116 verbose reify failed optional dependency /home/mhickson/work/picketlink-plan/picketlink-bindings/picketlink-wildfly-common/wildfly-36-oidc-demo/rp-ui/node_modules/@msgpackr-extract/msgpackr-extract-win32-x64
117 silly reify mark deleted [
117 silly reify   '/home/mhickson/work/picketlink-plan/picketlink-bindings/picketlink-wildfly-common/wildfly-36-oidc-demo/rp-ui/node_modules/@msgpackr-extract/msgpackr-extract-win32-x64'
117 silly reify ]
118 verbose reify failed optional dependency /home/mhickson/work/picketlink-plan/picketlink-bindings/picketlink-wildfly-common/wildfly-36-oidc-demo/rp-ui/node_modules/@msgpackr-extract/msgpackr-extract-linux-arm64
119 silly reify mark deleted [
119 silly reify   '/home/mhickson/work/picketlink-plan/picketlink-bindings/picketlink-wildfly-common/wildfly-36-oidc-demo/rp-ui/node_modules/@msgpackr-extract/msgpackr-extract-linux-arm64'
119 silly reify ]
120 verbose reify failed optional dependency /home/mhickson/work/picketlink-plan/picketlink-bindings/picketlink-wildfly-common/wildfly-36-oidc-demo/rp-ui/node_modules/@msgpackr-extract/msgpackr-extract-linux-arm
121 silly reify mark deleted [
121 silly reify   '/home/mhickson/work/picketlink-plan/picketlink-bindings/picketlink-wildfly-common/wildfly-36-oidc-demo/rp-ui/node_modules/@msgpackr-extract/msgpackr-extract-linux-arm'
121 silly reify ]
122 verbose reify failed optional dependency /home/mhickson/work/picketlink-plan/picketlink-bindings/picketlink-wildfly-common/wildfly-36-oidc-demo/rp-ui/node_modules/@msgpackr-extract/msgpackr-extract-darwin-x64
123 silly reify mark deleted [
123 silly reify   '/home/mhickson/work/picketlink-plan/picketlink-bindings/picketlink-wildfly-common/wildfly-36-oidc-demo/rp-ui/node_modules/@msgpackr-extract/msgpackr-extract-darwin-x64'
123 silly reify ]
124 verbose reify failed optional dependency /home/mhickson/work/picketlink-plan/picketlink-bindings/picketlink-wildfly-common/wildfly-36-oidc-demo/rp-ui/node_modules/@msgpackr-extract/msgpackr-extract-darwin-arm64
125 silly reify mark deleted [
125 silly reify   '/home/mhickson/work/picketlink-plan/picketlink-bindings/picketlink-wildfly-common/wildfly-36-oidc-demo/rp-ui/node_modules/@msgpackr-extract/msgpackr-extract-darwin-arm64'
125 silly reify ]
126 verbose reify failed optional dependency /home/mhickson/work/picketlink-plan/picketlink-bindings/picketlink-wildfly-common/wildfly-36-oidc-demo/rp-ui/node_modules/@lmdb/lmdb-win32-x64
127 silly reify mark deleted [
127 silly reify   '/home/mhickson/work/picketlink-plan/picketlink-bindings/picketlink-wildfly-common/wildfly-36-oidc-demo/rp-ui/node_modules/@lmdb/lmdb-win32-x64'
127 silly reify ]
128 verbose reify failed optional dependency /home/mhickson/work/picketlink-plan/picketlink-bindings/picketlink-wildfly-common/wildfly-36-oidc-demo/rp-ui/node_modules/@lmdb/lmdb-linux-arm64
129 silly reify mark deleted [
129 silly reify   '/home/mhickson/work/picketlink-plan/picketlink-bindings/picketlink-wildfly-common/wildfly-36-oidc-demo/rp-ui/node_modules/@lmdb/lmdb-linux-arm64'
129 silly reify ]
130 verbose reify failed optional dependency /home/mhickson/work/picketlink-plan/picketlink-bindings/picketlink-wildfly-common/wildfly-36-oidc-demo/rp-ui/node_modules/@lmdb/lmdb-linux-arm
131 silly reify mark deleted [
131 silly reify   '/home/mhickson/work/picketlink-plan/picketlink-bindings/picketlink-wildfly-common/wildfly-36-oidc-demo/rp-ui/node_modules/@lmdb/lmdb-linux-arm'
131 silly reify ]
132 verbose reify failed optional dependency /home/mhickson/work/picketlink-plan/picketlink-bindings/picketlink-wildfly-common/wildfly-36-oidc-demo/rp-ui/node_modules/@lmdb/lmdb-darwin-x64
133 silly reify mark deleted [
133 silly reify   '/home/mhickson/work/picketlink-plan/picketlink-bindings/picketlink-wildfly-common/wildfly-36-oidc-demo/rp-ui/node_modules/@lmdb/lmdb-darwin-x64'
133 silly reify ]
134 verbose reify failed optional dependency /home/mhickson/work/picketlink-plan/picketlink-bindings/picketlink-wildfly-common/wildfly-36-oidc-demo/rp-ui/node_modules/@lmdb/lmdb-darwin-arm64
135 silly reify mark deleted [
135 silly reify   '/home/mhickson/work/picketlink-plan/picketlink-bindings/picketlink-wildfly-common/wildfly-36-oidc-demo/rp-ui/node_modules/@lmdb/lmdb-darwin-arm64'
135 silly reify ]
136 verbose reify failed optional dependency /home/mhickson/work/picketlink-plan/picketlink-bindings/picketlink-wildfly-common/wildfly-36-oidc-demo/rp-ui/node_modules/@esbuild/win32-x64
137 silly reify mark deleted [
137 silly reify   '/home/mhickson/work/picketlink-plan/picketlink-bindings/picketlink-wildfly-common/wildfly-36-oidc-demo/rp-ui/node_modules/@esbuild/win32-x64'
137 silly reify ]
138 verbose reify failed optional dependency /home/mhickson/work/picketlink-plan/picketlink-bindings/picketlink-wildfly-common/wildfly-36-oidc-demo/rp-ui/node_modules/@esbuild/win32-ia32
139 silly reify mark deleted [
139 silly reify   '/home/mhickson/work/picketlink-plan/picketlink-bindings/picketlink-wildfly-common/wildfly-36-oidc-demo/rp-ui/node_modules/@esbuild/win32-ia32'
139 silly reify ]
140 verbose reify failed optional dependency /home/mhickson/work/picketlink-plan/picketlink-bindings/picketlink-wildfly-common/wildfly-36-oidc-demo/rp-ui/node_modules/@esbuild/win32-arm64
141 silly reify mark deleted [
141 silly reify   '/home/mhickson/work/picketlink-plan/picketlink-bindings/picketlink-wildfly-common/wildfly-36-oidc-demo/rp-ui/node_modules/@esbuild/win32-arm64'
141 silly reify ]
142 verbose reify failed optional dependency /home/mhickson/work/picketlink-plan/picketlink-bindings/picketlink-wildfly-common/wildfly-36-oidc-demo/rp-ui/node_modules/@esbuild/sunos-x64
143 silly reify mark deleted [
143 silly reify   '/home/mhickson/work/picketlink-plan/picketlink-bindings/picketlink-wildfly-common/wildfly-36-oidc-demo/rp-ui/node_modules/@esbuild/sunos-x64'
143 silly reify ]
144 verbose reify failed optional dependency /home/mhickson/work/picketlink-plan/picketlink-bindings/picketlink-wildfly-common/wildfly-36-oidc-demo/rp-ui/node_modules/@esbuild/openharmony-arm64
145 silly reify mark deleted [
145 silly reify   '/home/mhickson/work/picketlink-plan/picketlink-bindings/picketlink-wildfly-common/wildfly-36-oidc-demo/rp-ui/node_modules/@esbuild/openharmony-arm64'
145 silly reify ]
146 verbose reify failed optional dependency /home/mhickson/work/picketlink-plan/picketlink-bindings/picketlink-wildfly-common/wildfly-36-oidc-demo/rp-ui/node_modules/@esbuild/openbsd-x64
147 silly reify mark deleted [
147 silly reify   '/home/mhickson/work/picketlink-plan/picketlink-bindings/picketlink-wildfly-common/wildfly-36-oidc-demo/rp-ui/node_modules/@esbuild/openbsd-x64'
147 silly reify ]
148 verbose reify failed optional dependency /home/mhickson/work/picketlink-plan/picketlink-bindings/picketlink-wildfly-common/wildfly-36-oidc-demo/rp-ui/node_modules/@esbuild/openbsd-arm64
149 silly reify mark deleted [
149 silly reify   '/home/mhickson/work/picketlink-plan/picketlink-bindings/picketlink-wildfly-common/wildfly-36-oidc-demo/rp-ui/node_modules/@esbuild/openbsd-arm64'
149 silly reify ]
150 verbose reify failed optional dependency /home/mhickson/work/picketlink-plan/picketlink-bindings/picketlink-wildfly-common/wildfly-36-oidc-demo/rp-ui/node_modules/@esbuild/netbsd-x64
151 silly reify mark deleted [
151 silly reify   '/home/mhickson/work/picketlink-plan/picketlink-bindings/picketlink-wildfly-common/wildfly-36-oidc-demo/rp-ui/node_modules/@esbuild/netbsd-x64'
151 silly reify ]
152 verbose reify failed optional dependency /home/mhickson/work/picketlink-plan/picketlink-bindings/picketlink-wildfly-common/wildfly-36-oidc-demo/rp-ui/node_modules/@esbuild/netbsd-arm64
153 silly reify mark deleted [
153 silly reify   '/home/mhickson/work/picketlink-plan/picketlink-bindings/picketlink-wildfly-common/wildfly-36-oidc-demo/rp-ui/node_modules/@esbuild/netbsd-arm64'
153 silly reify ]
154 verbose reify failed optional dependency /home/mhickson/work/picketlink-plan/picketlink-bindings/picketlink-wildfly-common/wildfly-36-oidc-demo/rp-ui/node_modules/@esbuild/linux-s390x
155 silly reify mark deleted [
155 silly reify   '/home/mhickson/work/picketlink-plan/picketlink-bindings/picketlink-wildfly-common/wildfly-36-oidc-demo/rp-ui/node_modules/@esbuild/linux-s390x'
155 silly reify ]
156 verbose reify failed optional dependency /home/mhickson/work/picketlink-plan/picketlink-bindings/picketlink-wildfly-common/wildfly-36-oidc-demo/rp-ui/node_modules/@esbuild/linux-riscv64
157 silly reify mark deleted [
157 silly reify   '/home/mhickson/work/picketlink-plan/picketlink-bindings/picketlink-wildfly-common/wildfly-36-oidc-demo/rp-ui/node_modules/@esbuild/linux-riscv64'
157 silly reify ]
158 verbose reify failed optional dependency /home/mhickson/work/picketlink-plan/picketlink-bindings/picketlink-wildfly-common/wildfly-36-oidc-demo/rp-ui/node_modules/@esbuild/linux-ppc64
159 silly reify mark deleted [
159 silly reify   '/home/mhickson/work/picketlink-plan/picketlink-bindings/picketlink-wildfly-common/wildfly-36-oidc-demo/rp-ui/node_modules/@esbuild/linux-ppc64'
159 silly reify ]
160 verbose reify failed optional dependency /home/mhickson/work/picketlink-plan/picketlink-bindings/picketlink-wildfly-common/wildfly-36-oidc-demo/rp-ui/node_modules/@esbuild/linux-mips64el
161 silly reify mark deleted [
161 silly reify   '/home/mhickson/work/picketlink-plan/picketlink-bindings/picketlink-wildfly-common/wildfly-36-oidc-demo/rp-ui/node_modules/@esbuild/linux-mips64el'
161 silly reify ]
162 verbose reify failed optional dependency /home/mhickson/work/picketlink-plan/picketlink-bindings/picketlink-wildfly-common/wildfly-36-oidc-demo/rp-ui/node_modules/@esbuild/linux-loong64
163 silly reify mark deleted [
163 silly reify   '/home/mhickson/work/picketlink-plan/picketlink-bindings/picketlink-wildfly-common/wildfly-36-oidc-demo/rp-ui/node_modules/@esbuild/linux-loong64'
163 silly reify ]
164 verbose reify failed optional dependency /home/mhickson/work/picketlink-plan/picketlink-bindings/picketlink-wildfly-common/wildfly-36-oidc-demo/rp-ui/node_modules/@esbuild/linux-ia32
165 silly reify mark deleted [
165 silly reify   '/home/mhickson/work/picketlink-plan/picketlink-bindings/picketlink-wildfly-common/wildfly-36-oidc-demo/rp-ui/node_modules/@esbuild/linux-ia32'
165 silly reify ]
166 verbose reify failed optional dependency /home/mhickson/work/picketlink-plan/picketlink-bindings/picketlink-wildfly-common/wildfly-36-oidc-demo/rp-ui/node_modules/@esbuild/linux-arm64
167 silly reify mark deleted [
167 silly reify   '/home/mhickson/work/picketlink-plan/picketlink-bindings/picketlink-wildfly-common/wildfly-36-oidc-demo/rp-ui/node_modules/@esbuild/linux-arm64'
167 silly reify ]
168 verbose reify failed optional dependency /home/mhickson/work/picketlink-plan/picketlink-bindings/picketlink-wildfly-common/wildfly-36-oidc-demo/rp-ui/node_modules/@esbuild/linux-arm
169 silly reify mark deleted [
169 silly reify   '/home/mhickson/work/picketlink-plan/picketlink-bindings/picketlink-wildfly-common/wildfly-36-oidc-demo/rp-ui/node_modules/@esbuild/linux-arm'
169 silly reify ]
170 verbose reify failed optional dependency /home/mhickson/work/picketlink-plan/picketlink-bindings/picketlink-wildfly-common/wildfly-36-oidc-demo/rp-ui/node_modules/@esbuild/freebsd-x64
171 silly reify mark deleted [
171 silly reify   '/home/mhickson/work/picketlink-plan/picketlink-bindings/picketlink-wildfly-common/wildfly-36-oidc-demo/rp-ui/node_modules/@esbuild/freebsd-x64'
171 silly reify ]
172 verbose reify failed optional dependency /home/mhickson/work/picketlink-plan/picketlink-bindings/picketlink-wildfly-common/wildfly-36-oidc-demo/rp-ui/node_modules/@esbuild/freebsd-arm64
173 silly reify mark deleted [
173 silly reify   '/home/mhickson/work/picketlink-plan/picketlink-bindings/picketlink-wildfly-common/wildfly-36-oidc-demo/rp-ui/node_modules/@esbuild/freebsd-arm64'
173 silly reify ]
174 verbose reify failed optional dependency /home/mhickson/work/picketlink-plan/picketlink-bindings/picketlink-wildfly-common/wildfly-36-oidc-demo/rp-ui/node_modules/@esbuild/darwin-x64
175 silly reify mark deleted [
175 silly reify   '/home/mhickson/work/picketlink-plan/picketlink-bindings/picketlink-wildfly-common/wildfly-36-oidc-demo/rp-ui/node_modules/@esbuild/darwin-x64'
175 silly reify ]
176 verbose reify failed optional dependency /home/mhickson/work/picketlink-plan/picketlink-bindings/picketlink-wildfly-common/wildfly-36-oidc-demo/rp-ui/node_modules/@esbuild/darwin-arm64
177 silly reify mark deleted [
177 silly reify   '/home/mhickson/work/picketlink-plan/picketlink-bindings/picketlink-wildfly-common/wildfly-36-oidc-demo/rp-ui/node_modules/@esbuild/darwin-arm64'
177 silly reify ]
178 verbose reify failed optional dependency /home/mhickson/work/picketlink-plan/picketlink-bindings/picketlink-wildfly-common/wildfly-36-oidc-demo/rp-ui/node_modules/@esbuild/android-x64
179 silly reify mark deleted [
179 silly reify   '/home/mhickson/work/picketlink-plan/picketlink-bindings/picketlink-wildfly-common/wildfly-36-oidc-demo/rp-ui/node_modules/@esbuild/android-x64'
179 silly reify ]
180 verbose reify failed optional dependency /home/mhickson/work/picketlink-plan/picketlink-bindings/picketlink-wildfly-common/wildfly-36-oidc-demo/rp-ui/node_modules/@esbuild/android-arm64
181 silly reify mark deleted [
181 silly reify   '/home/mhickson/work/picketlink-plan/picketlink-bindings/picketlink-wildfly-common/wildfly-36-oidc-demo/rp-ui/node_modules/@esbuild/android-arm64'
181 silly reify ]
182 verbose reify failed optional dependency /home/mhickson/work/picketlink-plan/picketlink-bindings/picketlink-wildfly-common/wildfly-36-oidc-demo/rp-ui/node_modules/@esbuild/android-arm
183 silly reify mark deleted [
183 silly reify   '/home/mhickson/work/picketlink-plan/picketlink-bindings/picketlink-wildfly-common/wildfly-36-oidc-demo/rp-ui/node_modules/@esbuild/android-arm'
183 silly reify ]
184 verbose reify failed optional dependency /home/mhickson/work/picketlink-plan/picketlink-bindings/picketlink-wildfly-common/wildfly-36-oidc-demo/rp-ui/node_modules/@esbuild/aix-ppc64
185 silly reify mark deleted [
185 silly reify   '/home/mhickson/work/picketlink-plan/picketlink-bindings/picketlink-wildfly-common/wildfly-36-oidc-demo/rp-ui/node_modules/@esbuild/aix-ppc64'
185 silly reify ]
186 verbose reify failed optional dependency /home/mhickson/work/picketlink-plan/picketlink-bindings/picketlink-wildfly-common/wildfly-36-oidc-demo/rp-ui/node_modules/vite/node_modules/@esbuild/win32-x64
187 silly reify mark deleted [
187 silly reify   '/home/mhickson/work/picketlink-plan/picketlink-bindings/picketlink-wildfly-common/wildfly-36-oidc-demo/rp-ui/node_modules/vite/node_modules/@esbuild/win32-x64'
187 silly reify ]
188 verbose reify failed optional dependency /home/mhickson/work/picketlink-plan/picketlink-bindings/picketlink-wildfly-common/wildfly-36-oidc-demo/rp-ui/node_modules/vite/node_modules/@esbuild/win32-ia32
189 silly reify mark deleted [
189 silly reify   '/home/mhickson/work/picketlink-plan/picketlink-bindings/picketlink-wildfly-common/wildfly-36-oidc-demo/rp-ui/node_modules/vite/node_modules/@esbuild/win32-ia32'
189 silly reify ]
190 verbose reify failed optional dependency /home/mhickson/work/picketlink-plan/picketlink-bindings/picketlink-wildfly-common/wildfly-36-oidc-demo/rp-ui/node_modules/vite/node_modules/@esbuild/win32-arm64
191 silly reify mark deleted [
191 silly reify   '/home/mhickson/work/picketlink-plan/picketlink-bindings/picketlink-wildfly-common/wildfly-36-oidc-demo/rp-ui/node_modules/vite/node_modules/@esbuild/win32-arm64'
191 silly reify ]
192 verbose reify failed optional dependency /home/mhickson/work/picketlink-plan/picketlink-bindings/picketlink-wildfly-common/wildfly-36-oidc-demo/rp-ui/node_modules/vite/node_modules/@esbuild/sunos-x64
193 silly reify mark deleted [
193 silly reify   '/home/mhickson/work/picketlink-plan/picketlink-bindings/picketlink-wildfly-common/wildfly-36-oidc-demo/rp-ui/node_modules/vite/node_modules/@esbuild/sunos-x64'
193 silly reify ]
194 verbose reify failed optional dependency /home/mhickson/work/picketlink-plan/picketlink-bindings/picketlink-wildfly-common/wildfly-36-oidc-demo/rp-ui/node_modules/vite/node_modules/@esbuild/openharmony-arm64
195 silly reify mark deleted [
195 silly reify   '/home/mhickson/work/picketlink-plan/picketlink-bindings/picketlink-wildfly-common/wildfly-36-oidc-demo/rp-ui/node_modules/vite/node_modules/@esbuild/openharmony-arm64'
195 silly reify ]
196 verbose reify failed optional dependency /home/mhickson/work/picketlink-plan/picketlink-bindings/picketlink-wildfly-common/wildfly-36-oidc-demo/rp-ui/node_modules/vite/node_modules/@esbuild/openbsd-x64
197 silly reify mark deleted [
197 silly reify   '/home/mhickson/work/picketlink-plan/picketlink-bindings/picketlink-wildfly-common/wildfly-36-oidc-demo/rp-ui/node_modules/vite/node_modules/@esbuild/openbsd-x64'
197 silly reify ]
198 verbose reify failed optional dependency /home/mhickson/work/picketlink-plan/picketlink-bindings/picketlink-wildfly-common/wildfly-36-oidc-demo/rp-ui/node_modules/vite/node_modules/@esbuild/openbsd-arm64
199 silly reify mark deleted [
199 silly reify   '/home/mhickson/work/picketlink-plan/picketlink-bindings/picketlink-wildfly-common/wildfly-36-oidc-demo/rp-ui/node_modules/vite/node_modules/@esbuild/openbsd-arm64'
199 silly reify ]
200 verbose reify failed optional dependency /home/mhickson/work/picketlink-plan/picketlink-bindings/picketlink-wildfly-common/wildfly-36-oidc-demo/rp-ui/node_modules/vite/node_modules/@esbuild/netbsd-x64
201 silly reify mark deleted [
201 silly reify   '/home/mhickson/work/picketlink-plan/picketlink-bindings/picketlink-wildfly-common/wildfly-36-oidc-demo/rp-ui/node_modules/vite/node_modules/@esbuild/netbsd-x64'
201 silly reify ]
202 verbose reify failed optional dependency /home/mhickson/work/picketlink-plan/picketlink-bindings/picketlink-wildfly-common/wildfly-36-oidc-demo/rp-ui/node_modules/vite/node_modules/@esbuild/netbsd-arm64
203 silly reify mark deleted [
203 silly reify   '/home/mhickson/work/picketlink-plan/picketlink-bindings/picketlink-wildfly-common/wildfly-36-oidc-demo/rp-ui/node_modules/vite/node_modules/@esbuild/netbsd-arm64'
203 silly reify ]
204 verbose reify failed optional dependency /home/mhickson/work/picketlink-plan/picketlink-bindings/picketlink-wildfly-common/wildfly-36-oidc-demo/rp-ui/node_modules/vite/node_modules/@esbuild/linux-s390x
205 silly reify mark deleted [
205 silly reify   '/home/mhickson/work/picketlink-plan/picketlink-bindings/picketlink-wildfly-common/wildfly-36-oidc-demo/rp-ui/node_modules/vite/node_modules/@esbuild/linux-s390x'
205 silly reify ]
206 verbose reify failed optional dependency /home/mhickson/work/picketlink-plan/picketlink-bindings/picketlink-wildfly-common/wildfly-36-oidc-demo/rp-ui/node_modules/vite/node_modules/@esbuild/linux-riscv64
207 silly reify mark deleted [
207 silly reify   '/home/mhickson/work/picketlink-plan/picketlink-bindings/picketlink-wildfly-common/wildfly-36-oidc-demo/rp-ui/node_modules/vite/node_modules/@esbuild/linux-riscv64'
207 silly reify ]
208 verbose reify failed optional dependency /home/mhickson/work/picketlink-plan/picketlink-bindings/picketlink-wildfly-common/wildfly-36-oidc-demo/rp-ui/node_modules/vite/node_modules/@esbuild/linux-ppc64
209 silly reify mark deleted [
209 silly reify   '/home/mhickson/work/picketlink-plan/picketlink-bindings/picketlink-wildfly-common/wildfly-36-oidc-demo/rp-ui/node_modules/vite/node_modules/@esbuild/linux-ppc64'
209 silly reify ]
210 verbose reify failed optional dependency /home/mhickson/work/picketlink-plan/picketlink-bindings/picketlink-wildfly-common/wildfly-36-oidc-demo/rp-ui/node_modules/vite/node_modules/@esbuild/linux-mips64el
211 silly reify mark deleted [
211 silly reify   '/home/mhickson/work/picketlink-plan/picketlink-bindings/picketlink-wildfly-common/wildfly-36-oidc-demo/rp-ui/node_modules/vite/node_modules/@esbuild/linux-mips64el'
211 silly reify ]
212 verbose reify failed optional dependency /home/mhickson/work/picketlink-plan/picketlink-bindings/picketlink-wildfly-common/wildfly-36-oidc-demo/rp-ui/node_modules/vite/node_modules/@esbuild/linux-loong64
213 silly reify mark deleted [
213 silly reify   '/home/mhickson/work/picketlink-plan/picketlink-bindings/picketlink-wildfly-common/wildfly-36-oidc-demo/rp-ui/node_modules/vite/node_modules/@esbuild/linux-loong64'
213 silly reify ]
214 verbose reify failed optional dependency /home/mhickson/work/picketlink-plan/picketlink-bindings/picketlink-wildfly-common/wildfly-36-oidc-demo/rp-ui/node_modules/vite/node_modules/@esbuild/linux-ia32
215 silly reify mark deleted [
215 silly reify   '/home/mhickson/work/picketlink-plan/picketlink-bindings/picketlink-wildfly-common/wildfly-36-oidc-demo/rp-ui/node_modules/vite/node_modules/@esbuild/linux-ia32'
215 silly reify ]
216 verbose reify failed optional dependency /home/mhickson/work/picketlink-plan/picketlink-bindings/picketlink-wildfly-common/wildfly-36-oidc-demo/rp-ui/node_modules/vite/node_modules/@esbuild/linux-arm64
217 silly reify mark deleted [
217 silly reify   '/home/mhickson/work/picketlink-plan/picketlink-bindings/picketlink-wildfly-common/wildfly-36-oidc-demo/rp-ui/node_modules/vite/node_modules/@esbuild/linux-arm64'
217 silly reify ]
218 verbose reify failed optional dependency /home/mhickson/work/picketlink-plan/picketlink-bindings/picketlink-wildfly-common/wildfly-36-oidc-demo/rp-ui/node_modules/vite/node_modules/@esbuild/linux-arm
219 silly reify mark deleted [
219 silly reify   '/home/mhickson/work/picketlink-plan/picketlink-bindings/picketlink-wildfly-common/wildfly-36-oidc-demo/rp-ui/node_modules/vite/node_modules/@esbuild/linux-arm'
219 silly reify ]
220 verbose reify failed optional dependency /home/mhickson/work/picketlink-plan/picketlink-bindings/picketlink-wildfly-common/wildfly-36-oidc-demo/rp-ui/node_modules/vite/node_modules/@esbuild/freebsd-x64
221 silly reify mark deleted [
221 silly reify   '/home/mhickson/work/picketlink-plan/picketlink-bindings/picketlink-wildfly-common/wildfly-36-oidc-demo/rp-ui/node_modules/vite/node_modules/@esbuild/freebsd-x64'
221 silly reify ]
222 verbose reify failed optional dependency /home/mhickson/work/picketlink-plan/picketlink-bindings/picketlink-wildfly-common/wildfly-36-oidc-demo/rp-ui/node_modules/vite/node_modules/@esbuild/freebsd-arm64
223 silly reify mark deleted [
223 silly reify   '/home/mhickson/work/picketlink-plan/picketlink-bindings/picketlink-wildfly-common/wildfly-36-oidc-demo/rp-ui/node_modules/vite/node_modules/@esbuild/freebsd-arm64'
223 silly reify ]
224 verbose reify failed optional dependency /home/mhickson/work/picketlink-plan/picketlink-bindings/picketlink-wildfly-common/wildfly-36-oidc-demo/rp-ui/node_modules/vite/node_modules/@esbuild/darwin-x64
225 silly reify mark deleted [
225 silly reify   '/home/mhickson/work/picketlink-plan/picketlink-bindings/picketlink-wildfly-common/wildfly-36-oidc-demo/rp-ui/node_modules/vite/node_modules/@esbuild/darwin-x64'
225 silly reify ]
226 verbose reify failed optional dependency /home/mhickson/work/picketlink-plan/picketlink-bindings/picketlink-wildfly-common/wildfly-36-oidc-demo/rp-ui/node_modules/vite/node_modules/@esbuild/darwin-arm64
227 silly reify mark deleted [
227 silly reify   '/home/mhickson/work/picketlink-plan/picketlink-bindings/picketlink-wildfly-common/wildfly-36-oidc-demo/rp-ui/node_modules/vite/node_modules/@esbuild/darwin-arm64'
227 silly reify ]
228 verbose reify failed optional dependency /home/mhickson/work/picketlink-plan/picketlink-bindings/picketlink-wildfly-common/wildfly-36-oidc-demo/rp-ui/node_modules/vite/node_modules/@esbuild/android-x64
229 silly reify mark deleted [
229 silly reify   '/home/mhickson/work/picketlink-plan/picketlink-bindings/picketlink-wildfly-common/wildfly-36-oidc-demo/rp-ui/node_modules/vite/node_modules/@esbuild/android-x64'
229 silly reify ]
230 verbose reify failed optional dependency /home/mhickson/work/picketlink-plan/picketlink-bindings/picketlink-wildfly-common/wildfly-36-oidc-demo/rp-ui/node_modules/vite/node_modules/@esbuild/android-arm64
231 silly reify mark deleted [
231 silly reify   '/home/mhickson/work/picketlink-plan/picketlink-bindings/picketlink-wildfly-common/wildfly-36-oidc-demo/rp-ui/node_modules/vite/node_modules/@esbuild/android-arm64'
231 silly reify ]
232 verbose reify failed optional dependency /home/mhickson/work/picketlink-plan/picketlink-bindings/picketlink-wildfly-common/wildfly-36-oidc-demo/rp-ui/node_modules/vite/node_modules/@esbuild/android-arm
233 silly reify mark deleted [
233 silly reify   '/home/mhickson/work/picketlink-plan/picketlink-bindings/picketlink-wildfly-common/wildfly-36-oidc-demo/rp-ui/node_modules/vite/node_modules/@esbuild/android-arm'
233 silly reify ]
234 verbose reify failed optional dependency /home/mhickson/work/picketlink-plan/picketlink-bindings/picketlink-wildfly-common/wildfly-36-oidc-demo/rp-ui/node_modules/vite/node_modules/@esbuild/aix-ppc64
235 silly reify mark deleted [
235 silly reify   '/home/mhickson/work/picketlink-plan/picketlink-bindings/picketlink-wildfly-common/wildfly-36-oidc-demo/rp-ui/node_modules/vite/node_modules/@esbuild/aix-ppc64'
235 silly reify ]
236 verbose reify failed optional dependency /home/mhickson/work/picketlink-plan/picketlink-bindings/picketlink-wildfly-common/wildfly-36-oidc-demo/rp-ui/node_modules/@angular/build/node_modules/@esbuild/win32-x64
237 silly reify mark deleted [
237 silly reify   '/home/mhickson/work/picketlink-plan/picketlink-bindings/picketlink-wildfly-common/wildfly-36-oidc-demo/rp-ui/node_modules/@angular/build/node_modules/@esbuild/win32-x64'
237 silly reify ]
238 verbose reify failed optional dependency /home/mhickson/work/picketlink-plan/picketlink-bindings/picketlink-wildfly-common/wildfly-36-oidc-demo/rp-ui/node_modules/@angular/build/node_modules/@esbuild/win32-ia32
239 silly reify mark deleted [
239 silly reify   '/home/mhickson/work/picketlink-plan/picketlink-bindings/picketlink-wildfly-common/wildfly-36-oidc-demo/rp-ui/node_modules/@angular/build/node_modules/@esbuild/win32-ia32'
239 silly reify ]
240 verbose reify failed optional dependency /home/mhickson/work/picketlink-plan/picketlink-bindings/picketlink-wildfly-common/wildfly-36-oidc-demo/rp-ui/node_modules/@angular/build/node_modules/@esbuild/win32-arm64
241 silly reify mark deleted [
241 silly reify   '/home/mhickson/work/picketlink-plan/picketlink-bindings/picketlink-wildfly-common/wildfly-36-oidc-demo/rp-ui/node_modules/@angular/build/node_modules/@esbuild/win32-arm64'
241 silly reify ]
242 verbose reify failed optional dependency /home/mhickson/work/picketlink-plan/picketlink-bindings/picketlink-wildfly-common/wildfly-36-oidc-demo/rp-ui/node_modules/@angular/build/node_modules/@esbuild/sunos-x64
243 silly reify mark deleted [
243 silly reify   '/home/mhickson/work/picketlink-plan/picketlink-bindings/picketlink-wildfly-common/wildfly-36-oidc-demo/rp-ui/node_modules/@angular/build/node_modules/@esbuild/sunos-x64'
243 silly reify ]
244 verbose reify failed optional dependency /home/mhickson/work/picketlink-plan/picketlink-bindings/picketlink-wildfly-common/wildfly-36-oidc-demo/rp-ui/node_modules/@angular/build/node_modules/@esbuild/openharmony-arm64
245 silly reify mark deleted [
245 silly reify   '/home/mhickson/work/picketlink-plan/picketlink-bindings/picketlink-wildfly-common/wildfly-36-oidc-demo/rp-ui/node_modules/@angular/build/node_modules/@esbuild/openharmony-arm64'
245 silly reify ]
246 verbose reify failed optional dependency /home/mhickson/work/picketlink-plan/picketlink-bindings/picketlink-wildfly-common/wildfly-36-oidc-demo/rp-ui/node_modules/@angular/build/node_modules/@esbuild/openbsd-x64
247 silly reify mark deleted [
247 silly reify   '/home/mhickson/work/picketlink-plan/picketlink-bindings/picketlink-wildfly-common/wildfly-36-oidc-demo/rp-ui/node_modules/@angular/build/node_modules/@esbuild/openbsd-x64'
247 silly reify ]
248 verbose reify failed optional dependency /home/mhickson/work/picketlink-plan/picketlink-bindings/picketlink-wildfly-common/wildfly-36-oidc-demo/rp-ui/node_modules/@angular/build/node_modules/@esbuild/openbsd-arm64
249 silly reify mark deleted [
249 silly reify   '/home/mhickson/work/picketlink-plan/picketlink-bindings/picketlink-wildfly-common/wildfly-36-oidc-demo/rp-ui/node_modules/@angular/build/node_modules/@esbuild/openbsd-arm64'
249 silly reify ]
250 verbose reify failed optional dependency /home/mhickson/work/picketlink-plan/picketlink-bindings/picketlink-wildfly-common/wildfly-36-oidc-demo/rp-ui/node_modules/@angular/build/node_modules/@esbuild/netbsd-x64
251 silly reify mark deleted [
251 silly reify   '/home/mhickson/work/picketlink-plan/picketlink-bindings/picketlink-wildfly-common/wildfly-36-oidc-demo/rp-ui/node_modules/@angular/build/node_modules/@esbuild/netbsd-x64'
251 silly reify ]
252 verbose reify failed optional dependency /home/mhickson/work/picketlink-plan/picketlink-bindings/picketlink-wildfly-common/wildfly-36-oidc-demo/rp-ui/node_modules/@angular/build/node_modules/@esbuild/netbsd-arm64
253 silly reify mark deleted [
253 silly reify   '/home/mhickson/work/picketlink-plan/picketlink-bindings/picketlink-wildfly-common/wildfly-36-oidc-demo/rp-ui/node_modules/@angular/build/node_modules/@esbuild/netbsd-arm64'
253 silly reify ]
254 verbose reify failed optional dependency /home/mhickson/work/picketlink-plan/picketlink-bindings/picketlink-wildfly-common/wildfly-36-oidc-demo/rp-ui/node_modules/@angular/build/node_modules/@esbuild/linux-s390x
255 silly reify mark deleted [
255 silly reify   '/home/mhickson/work/picketlink-plan/picketlink-bindings/picketlink-wildfly-common/wildfly-36-oidc-demo/rp-ui/node_modules/@angular/build/node_modules/@esbuild/linux-s390x'
255 silly reify ]
256 verbose reify failed optional dependency /home/mhickson/work/picketlink-plan/picketlink-bindings/picketlink-wildfly-common/wildfly-36-oidc-demo/rp-ui/node_modules/@angular/build/node_modules/@esbuild/linux-riscv64
257 silly reify mark deleted [
257 silly reify   '/home/mhickson/work/picketlink-plan/picketlink-bindings/picketlink-wildfly-common/wildfly-36-oidc-demo/rp-ui/node_modules/@angular/build/node_modules/@esbuild/linux-riscv64'
257 silly reify ]
258 verbose reify failed optional dependency /home/mhickson/work/picketlink-plan/picketlink-bindings/picketlink-wildfly-common/wildfly-36-oidc-demo/rp-ui/node_modules/@angular/build/node_modules/@esbuild/linux-ppc64
259 silly reify mark deleted [
259 silly reify   '/home/mhickson/work/picketlink-plan/picketlink-bindings/picketlink-wildfly-common/wildfly-36-oidc-demo/rp-ui/node_modules/@angular/build/node_modules/@esbuild/linux-ppc64'
259 silly reify ]
260 verbose reify failed optional dependency /home/mhickson/work/picketlink-plan/picketlink-bindings/picketlink-wildfly-common/wildfly-36-oidc-demo/rp-ui/node_modules/@angular/build/node_modules/@esbuild/linux-mips64el
261 silly reify mark deleted [
261 silly reify   '/home/mhickson/work/picketlink-plan/picketlink-bindings/picketlink-wildfly-common/wildfly-36-oidc-demo/rp-ui/node_modules/@angular/build/node_modules/@esbuild/linux-mips64el'
261 silly reify ]
262 verbose reify failed optional dependency /home/mhickson/work/picketlink-plan/picketlink-bindings/picketlink-wildfly-common/wildfly-36-oidc-demo/rp-ui/node_modules/@angular/build/node_modules/@esbuild/linux-loong64
263 silly reify mark deleted [
263 silly reify   '/home/mhickson/work/picketlink-plan/picketlink-bindings/picketlink-wildfly-common/wildfly-36-oidc-demo/rp-ui/node_modules/@angular/build/node_modules/@esbuild/linux-loong64'
263 silly reify ]
264 verbose reify failed optional dependency /home/mhickson/work/picketlink-plan/picketlink-bindings/picketlink-wildfly-common/wildfly-36-oidc-demo/rp-ui/node_modules/@angular/build/node_modules/@esbuild/linux-ia32
265 silly reify mark deleted [
265 silly reify   '/home/mhickson/work/picketlink-plan/picketlink-bindings/picketlink-wildfly-common/wildfly-36-oidc-demo/rp-ui/node_modules/@angular/build/node_modules/@esbuild/linux-ia32'
265 silly reify ]
266 verbose reify failed optional dependency /home/mhickson/work/picketlink-plan/picketlink-bindings/picketlink-wildfly-common/wildfly-36-oidc-demo/rp-ui/node_modules/@angular/build/node_modules/@esbuild/linux-arm64
267 silly reify mark deleted [
267 silly reify   '/home/mhickson/work/picketlink-plan/picketlink-bindings/picketlink-wildfly-common/wildfly-36-oidc-demo/rp-ui/node_modules/@angular/build/node_modules/@esbuild/linux-arm64'
267 silly reify ]
268 verbose reify failed optional dependency /home/mhickson/work/picketlink-plan/picketlink-bindings/picketlink-wildfly-common/wildfly-36-oidc-demo/rp-ui/node_modules/@angular/build/node_modules/@esbuild/linux-arm
269 silly reify mark deleted [
269 silly reify   '/home/mhickson/work/picketlink-plan/picketlink-bindings/picketlink-wildfly-common/wildfly-36-oidc-demo/rp-ui/node_modules/@angular/build/node_modules/@esbuild/linux-arm'
269 silly reify ]
270 verbose reify failed optional dependency /home/mhickson/work/picketlink-plan/picketlink-bindings/picketlink-wildfly-common/wildfly-36-oidc-demo/rp-ui/node_modules/@angular/build/node_modules/@esbuild/freebsd-x64
271 silly reify mark deleted [
271 silly reify   '/home/mhickson/work/picketlink-plan/picketlink-bindings/picketlink-wildfly-common/wildfly-36-oidc-demo/rp-ui/node_modules/@angular/build/node_modules/@esbuild/freebsd-x64'
271 silly reify ]
272 verbose reify failed optional dependency /home/mhickson/work/picketlink-plan/picketlink-bindings/picketlink-wildfly-common/wildfly-36-oidc-demo/rp-ui/node_modules/@angular/build/node_modules/@esbuild/freebsd-arm64
273 silly reify mark deleted [
273 silly reify   '/home/mhickson/work/picketlink-plan/picketlink-bindings/picketlink-wildfly-common/wildfly-36-oidc-demo/rp-ui/node_modules/@angular/build/node_modules/@esbuild/freebsd-arm64'
273 silly reify ]
274 verbose reify failed optional dependency /home/mhickson/work/picketlink-plan/picketlink-bindings/picketlink-wildfly-common/wildfly-36-oidc-demo/rp-ui/node_modules/@angular/build/node_modules/@esbuild/darwin-x64
275 silly reify mark deleted [
275 silly reify   '/home/mhickson/work/picketlink-plan/picketlink-bindings/picketlink-wildfly-common/wildfly-36-oidc-demo/rp-ui/node_modules/@angular/build/node_modules/@esbuild/darwin-x64'
275 silly reify ]
276 verbose reify failed optional dependency /home/mhickson/work/picketlink-plan/picketlink-bindings/picketlink-wildfly-common/wildfly-36-oidc-demo/rp-ui/node_modules/@angular/build/node_modules/@esbuild/darwin-arm64
277 silly reify mark deleted [
277 silly reify   '/home/mhickson/work/picketlink-plan/picketlink-bindings/picketlink-wildfly-common/wildfly-36-oidc-demo/rp-ui/node_modules/@angular/build/node_modules/@esbuild/darwin-arm64'
277 silly reify ]
278 verbose reify failed optional dependency /home/mhickson/work/picketlink-plan/picketlink-bindings/picketlink-wildfly-common/wildfly-36-oidc-demo/rp-ui/node_modules/@angular/build/node_modules/@esbuild/android-x64
279 silly reify mark deleted [
279 silly reify   '/home/mhickson/work/picketlink-plan/picketlink-bindings/picketlink-wildfly-common/wildfly-36-oidc-demo/rp-ui/node_modules/@angular/build/node_modules/@esbuild/android-x64'
279 silly reify ]
280 verbose reify failed optional dependency /home/mhickson/work/picketlink-plan/picketlink-bindings/picketlink-wildfly-common/wildfly-36-oidc-demo/rp-ui/node_modules/@angular/build/node_modules/@esbuild/android-arm64
281 silly reify mark deleted [
281 silly reify   '/home/mhickson/work/picketlink-plan/picketlink-bindings/picketlink-wildfly-common/wildfly-36-oidc-demo/rp-ui/node_modules/@angular/build/node_modules/@esbuild/android-arm64'
281 silly reify ]
282 verbose reify failed optional dependency /home/mhickson/work/picketlink-plan/picketlink-bindings/picketlink-wildfly-common/wildfly-36-oidc-demo/rp-ui/node_modules/@angular/build/node_modules/@esbuild/android-arm
283 silly reify mark deleted [
283 silly reify   '/home/mhickson/work/picketlink-plan/picketlink-bindings/picketlink-wildfly-common/wildfly-36-oidc-demo/rp-ui/node_modules/@angular/build/node_modules/@esbuild/android-arm'
283 silly reify ]
284 verbose reify failed optional dependency /home/mhickson/work/picketlink-plan/picketlink-bindings/picketlink-wildfly-common/wildfly-36-oidc-demo/rp-ui/node_modules/@angular/build/node_modules/@esbuild/aix-ppc64
285 silly reify mark deleted [
285 silly reify   '/home/mhickson/work/picketlink-plan/picketlink-bindings/picketlink-wildfly-common/wildfly-36-oidc-demo/rp-ui/node_modules/@angular/build/node_modules/@esbuild/aix-ppc64'
285 silly reify ]
286 silly ADD
287 silly ADD
288 silly ADD
289 silly ADD
290 silly ADD
291 silly ADD
292 silly ADD
293 silly ADD
294 silly ADD
295 silly ADD
296 silly ADD
297 silly ADD
298 silly ADD
299 silly ADD
300 silly ADD
301 silly ADD
302 silly ADD
303 silly ADD
304 silly ADD
305 silly ADD
306 silly ADD
307 silly ADD
308 silly ADD
309 silly ADD
310 silly ADD
311 silly ADD
312 silly ADD
313 silly ADD
314 silly ADD
315 silly ADD
316 silly ADD
317 silly ADD
318 silly ADD
319 silly ADD
320 silly ADD
321 silly ADD
322 silly ADD
323 silly ADD
324 silly ADD
325 silly ADD
326 silly ADD
327 silly ADD
328 silly ADD
329 silly ADD
330 silly ADD
331 silly ADD
332 silly ADD
333 silly ADD
334 silly ADD
335 silly ADD
336 silly ADD
337 silly ADD
338 silly ADD
339 silly ADD
340 silly ADD
341 silly ADD
342 silly ADD
343 silly ADD
344 silly ADD
345 silly ADD
346 silly ADD
347 silly ADD
348 silly ADD
349 silly ADD
350 silly ADD
351 silly ADD
352 silly ADD
353 silly ADD
354 silly ADD
355 silly ADD
356 silly ADD
357 silly ADD
358 silly ADD
359 silly ADD
360 silly ADD
361 silly ADD
362 silly ADD
363 silly ADD
364 silly ADD
365 silly ADD
366 silly ADD
367 silly ADD
368 silly ADD
369 silly ADD
370 silly ADD
371 silly ADD
372 silly ADD
373 silly ADD
374 silly ADD
375 silly ADD
376 silly ADD
377 silly ADD
378 silly ADD
379 silly ADD
380 silly ADD
381 silly ADD
382 silly ADD
383 silly ADD
384 silly ADD
385 silly ADD
386 silly ADD
387 silly ADD
388 silly ADD
389 silly ADD
390 silly ADD
391 silly ADD
392 silly ADD
393 silly ADD
394 silly ADD
395 silly ADD
396 silly ADD
397 silly ADD
398 silly ADD
399 silly ADD
400 silly ADD
401 silly ADD
402 silly ADD
403 silly ADD
404 silly ADD
405 silly ADD
406 silly ADD
407 silly ADD
408 silly ADD
409 silly ADD
410 silly ADD
411 silly ADD
412 silly ADD
413 silly ADD
414 silly ADD
415 silly ADD
416 silly ADD
417 silly ADD
418 silly ADD
419 silly ADD
420 silly ADD
421 verbose cwd /home/mhickson/work/picketlink-plan/picketlink-bindings/picketlink-wildfly-common/wildfly-36-oidc-demo/rp-ui
422 verbose os Linux 6.17.0-35-generic
423 verbose node v22.12.0
424 verbose npm  v10.9.2
425 verbose exit 0
426 info ok
